[persoonlijk.knab.nl/account/inloggen.html]
[backblue.gif]
[fade.gif]
[index.html]
[content.knab.nl/AppDynamics/adrum.js]
[persoonlijk.knab.nl/Content/themes/base/fonts/font6545.css]
[content.knab.nl/Content/themes/base/css/public_style6545.css]
[content.knab.nl/Content/themes/base/css/public_layout6545.css]
[content.knab.nl/Content/themes/base/css/public_blue6545.css]
[content.knab.nl/Content/themes/base/css/jquery-ui-1.8.11.custom.css]
[persoonlijk.knab.nl/account/wachtwoord-vergeten.html]
[persoonlijk.knab.nl/Content/themes/base/js/logOn6545.js]
[persoonlijk.knab.nl/account/inloggen.html]
[content.knab.nl/AppDynamics/adrum.js]
[persoonlijk.knab.nl/Content/themes/base/fonts/Black/OpenSans-ExtraBold.eot]
[persoonlijk.knab.nl/Content/themes/base/fonts/Black/OpenSans-ExtraBoldd41d.eot]
[persoonlijk.knab.nl/Content/themes/base/fonts/Black/OpenSans-ExtraBold.woff]
[persoonlijk.knab.nl/Content/themes/base/fonts/Black/OpenSans-ExtraBold.ttf]
[persoonlijk.knab.nl/Content/themes/base/fonts/Bold/OpenSans-Bold.eot]
[persoonlijk.knab.nl/Content/themes/base/fonts/Bold/OpenSans-Boldd41d.eot]
[persoonlijk.knab.nl/Content/themes/base/fonts/Bold/OpenSans-Bold.woff]
[persoonlijk.knab.nl/Content/themes/base/fonts/Bold/OpenSans-Bold.ttf]
[persoonlijk.knab.nl/Content/themes/base/fonts/Medium/OpenSans-Semibold.eot]
[persoonlijk.knab.nl/Content/themes/base/fonts/Medium/OpenSans-Semiboldd41d.eot]
[persoonlijk.knab.nl/Content/themes/base/fonts/Medium/OpenSans-Semibold.woff]
[persoonlijk.knab.nl/Content/themes/base/fonts/Medium/OpenSans-Semibold.ttf]
[persoonlijk.knab.nl/Content/themes/base/fonts/Regular/OpenSans-Regular.eot]
[persoonlijk.knab.nl/Content/themes/base/fonts/Regular/OpenSans-Regulard41d.eot]
[persoonlijk.knab.nl/Content/themes/base/fonts/Regular/OpenSans-Regular.woff]
[persoonlijk.knab.nl/Content/themes/base/fonts/Regular/OpenSans-Regular.ttf]
[persoonlijk.knab.nl/Content/themes/base/fonts/font6545.css]
[content.knab.nl/Content/themes/base/img/body_back.png]
[content.knab.nl/Content/themes/base/img/header_back.png]
[content.knab.nl/Content/themes/base/img/component_back.png]
[content.knab.nl/Content/themes/base/img/nav2_back.png]
[content.knab.nl/Content/themes/base/img/back_img.png]
[content.knab.nl/Content/themes/base/img/arrow_blue.png]
[content.knab.nl/Content/themes/base/img/arrow_right.png]
[content.knab.nl/Content/themes/base/img/logo_live.png]
[content.knab.nl/Content/themes/base/img/people_live.png]
[content.knab.nl/Content/themes/base/img/bubbles_back.png]
[content.knab.nl/Content/themes/base/img/community_icons.png]
[content.knab.nl/Content/themes/base/img/community_icons_new.png]
[content.knab.nl/Content/themes/base/img/back_6.png]
[content.knab.nl/Content/themes/base/img/back_5.png]
[content.knab.nl/Content/themes/base/img/arrows_messages.png]
[content.knab.nl/Content/themes/base/img/form_element.png]
[content.knab.nl/Content/themes/base/img/form_element_xtra.png]
[content.knab.nl/Content/themes/base/img/plus_minus_buttons.png]
[content.knab.nl/Content/themes/base/img/gray_box_top.png]
[content.knab.nl/Content/themes/base/img/gray_box_bot_2.png]
[content.knab.nl/Content/themes/base/img/gray_box_bot.png]
[content.knab.nl/Content/themes/base/img/table_icons.png]
[content.knab.nl/Content/themes/base/img/publick_button_big.png]
[content.knab.nl/Content/themes/base/img/publick_button_back.png]
[content.knab.nl/Content/themes/base/img/arrow_left.png]
[content.knab.nl/Content/themes/base/img/arrow_red.png]
[content.knab.nl/Content/themes/base/img/community_icons_2.png]
[content.knab.nl/Content/themes/base/img/list_divider.png]
[content.knab.nl/Content/themes/base/img/star_raiting_back.png]
[content.knab.nl/Content/themes/base/img/box_back.png]
[content.knab.nl/Content/themes/base/img/bulets.png]
[content.knab.nl/Content/themes/base/img/comment_back.png]
[content.knab.nl/Content/themes/base/img/comment_back_darck.png]
[content.knab.nl/Content/themes/base/img/comments_back_darck_1.png]
[content.knab.nl/Content/themes/base/img/doc_icons.png]
[content.knab.nl/Content/themes/base/img/autor_image.png]
[content.knab.nl/Content/themes/base/img/public_form_element.png]
[content.knab.nl/Content/themes/base/img/input_big_back.png]
[content.knab.nl/Content/themes/base/img/popup_back.png]
[content.knab.nl/Content/themes/base/img/overlay_corners.png]
[content.knab.nl/Content/themes/base/img/big_phone.png]
[content.knab.nl/Content/themes/base/img/separator.png]
[content.knab.nl/Content/themes/base/img/banner_shad_top.png]
[content.knab.nl/Content/themes/base/img/banner_shad_bot.png]
[content.knab.nl/Content/themes/base/img/in_shad_top.png]
[content.knab.nl/Content/themes/base/img/in_shad_bot.png]
[content.knab.nl/Content/themes/base/img/tick.png]
[content.knab.nl/Content/themes/base/img/tickWhite.png]
[content.knab.nl/Content/themes/base/img/tick_bottom.png]
[content.knab.nl/Content/themes/base/img/tick_bottom_2.png]
[content.knab.nl/Content/themes/base/img/tick_bottom_3.png]
[content.knab.nl/Content/themes/base/img/green_checkS.png]
[content.knab.nl/Content/themes/base/img/left_tab_off.png]
[content.knab.nl/Content/themes/base/img/top_tab_back.png]
[content.knab.nl/Content/themes/base/img/left_tab_on.png]
[content.knab.nl/Content/themes/base/img/hr.png]
[content.knab.nl/Content/themes/base/img/red_grad.png]
[content.knab.nl/Content/themes/base/img/tick_red.png]
[content.knab.nl/Content/themes/base/img/services.png]
[content.knab.nl/Content/themes/base/img/contact_icons.png]
[content.knab.nl/Content/themes/base/img/gallery_arrow.png]
[content.knab.nl/Content/themes/base/img/dot.png]
[content.knab.nl/Content/themes/base/img/custom_dot_slide_1.png]
[content.knab.nl/Content/themes/base/img/custom_dot_slide_4.png]
[content.knab.nl/Content/themes/base/img/custom_dot_slide_2.png]
[content.knab.nl/Content/themes/base/img/custom_dot_slide_3.png]
[content.knab.nl/Content/themes/base/img/footer_nav_1.png]
[content.knab.nl/Content/themes/base/img/footer_nav_2.png]
[content.knab.nl/Content/themes/base/img/foot_nav_top.png]
[content.knab.nl/Content/themes/base/img/foot_nav_bot.png]
[content.knab.nl/Content/themes/base/img/footer_nav_3.png]
[content.knab.nl/Content/themes/base/img/arrow_right_dis.png]
[content.knab.nl/Content/themes/base/img/dropdown.png]
[content.knab.nl/Content/themes/base/img/alert_back.png]
[content.knab.nl/Content/themes/base/img/alert_back_1.png]
[content.knab.nl/Content/themes/base/img/error_back.png]
[content.knab.nl/Content/themes/base/img/error_type_images.png]
[content.knab.nl/Content/themes/base/img/loader-bar.gif]
[content.knab.nl/Content/themes/base/img/loader-circle.gif]
[content.knab.nl/Content/themes/base/img/shadow_bot.png]
[content.knab.nl/Content/themes/base/img/arrow.png]
[content.knab.nl/Content/themes/base/img/player_tab_bg.png]
[content.knab.nl/Content/themes/base/img/online_back.png]
[content.knab.nl/Content/themes/base/img/icons_contact.png]
[content.knab.nl/Content/themes/base/img/icon_chat.png]
[content.knab.nl/Content/themes/base/img/red_check.png]
[content.knab.nl/Content/themes/base/img/opacity_10.png]
[content.knab.nl/Content/themes/base/img/label_shadow.png]
[content.knab.nl/Content/themes/base/img/quote2.png]
[content.knab.nl/Content/themes/base/img/tick_right.png]
[content.knab.nl/Content/themes/base/img/contact_label.png]
[content.knab.nl/Content/themes/base/img/contact_icons_2.png]
[content.knab.nl/Content/themes/base/css/public_style6545.css]
[content.knab.nl/Content/themes/base/css/public_layout6545.css]
[content.knab.nl/Content/themes/base/css/public_blue6545.css]
[content.knab.nl/Content/themes/base/img/datepicker/ui-bg_flat_75_ffffff_40x100.png]
[content.knab.nl/Content/themes/base/img/datepicker/ui-bg_highlight-soft_75_cccccc_1x100.png]
[content.knab.nl/Content/themes/base/img/datepicker/ui-bg_glass_75_e6e6e6_1x400.png]
[content.knab.nl/Content/themes/base/img/datepicker/ui-bg_glass_75_dadada_1x400.png]
[content.knab.nl/Content/themes/base/img/datepicker/ui-bg_glass_65_ffffff_1x400.png]
[content.knab.nl/Content/themes/base/img/datepicker/ui-bg_glass_55_fbf9ee_1x400.png]
[content.knab.nl/Content/themes/base/img/datepicker/ui-bg_glass_95_fef1ec_1x400.png]
[content.knab.nl/Content/themes/base/img/datepicker/ui-icons_222222_256x240.png]
[content.knab.nl/Content/themes/base/img/datepicker/ui-icons_888888_256x240.png]
[content.knab.nl/Content/themes/base/img/datepicker/ui-icons_454545_256x240.png]
[content.knab.nl/Content/themes/base/img/datepicker/ui-icons_2e83ff_256x240.png]
[content.knab.nl/Content/themes/base/img/datepicker/ui-icons_cd0a0a_256x240.png]
[content.knab.nl/Content/themes/base/img/datepicker/ui-bg_flat_0_aaaaaa_40x100.png]
[content.knab.nl/Content/themes/base/css/jquery-ui-1.8.11.custom.css]
[www.googletagmanager.com/gtm5445.html]
[content.knab.nl/Content/themes/base/css/style6545.css]
[persoonlijk.knab.nl/Content/themes/base/css/forgot_pass_16545.css]
[persoonlijk.knab.nl/Content/themes/base/img/Forgotten_Credentials_pas_zoom.png]
[persoonlijk.knab.nl/Content/themes/base/js/requestNewPassword6545.js]
[persoonlijk.knab.nl/Content/themes/base/js/content-general6545.js]
[persoonlijk.knab.nl/account/wachtwoord-vergeten.html]
[persoonlijk.knab.nl/Content/themes/base/js/logOn6545.js]
[persoonlijk.knab.nl/Content/themes/base/fonts/Black/OpenSans-ExtraBold.svg]
[persoonlijk.knab.nl/Content/themes/base/fonts/Bold/OpenSans-Bold.svg]
[persoonlijk.knab.nl/Content/themes/base/fonts/Medium/OpenSans-Semibold.svg]
[persoonlijk.knab.nl/Content/themes/base/fonts/Regular/OpenSans-Regular.svg]
[content.knab.nl/Content/themes/base/img/roundTab_contentBack.png]
[content.knab.nl/Content/themes/base/img/footer_back.png]
[content.knab.nl/Content/themes/base/img/logo_knab.png]
[content.knab.nl/Content/themes/base/img/button_back.png]
[content.knab.nl/Content/themes/base/img/widget_option_top.png]
[content.knab.nl/Content/themes/base/img/widget_option_bot.png]
[content.knab.nl/Content/themes/base/img/widget_option_left.png]
[content.knab.nl/Content/themes/base/img/widget_option_right.png]
[content.knab.nl/Content/themes/base/img/address_row_top.png]
[content.knab.nl/Content/themes/base/img/article_small_bottom.png]
[content.knab.nl/Content/themes/base/img/button_back2.png]
[content.knab.nl/Content/themes/base/img/address_row_bot.png]
[content.knab.nl/Content/themes/base/img/personal_message_shad.png]
[content.knab.nl/Content/themes/base/img/events_s.png]
[content.knab.nl/Content/themes/base/img/widgets_icons.png]
[content.knab.nl/Content/themes/base/img/gradients.png]
[content.knab.nl/Content/themes/base/img/i_lamp.png]
[content.knab.nl/Content/themes/base/img/asset_back_grad.png]
[content.knab.nl/Content/themes/base/img/pin_small.png]
[content.knab.nl/Content/themes/base/img/folders.png]
[content.knab.nl/Content/themes/base/img/arrow_red_bullet.png]
[content.knab.nl/Content/themes/base/img/logo_live_s.png]
[content.knab.nl/Content/themes/base/img/article_big_bottom.png]
[content.knab.nl/Content/themes/base/img/article_big_top.png]
[content.knab.nl/Content/themes/base/img/circle.png]
[content.knab.nl/Content/themes/base/img/date_slider_backs.png]
[content.knab.nl/Content/themes/base/img/date_slider_backs_1.png]
[content.knab.nl/Content/themes/base/img/slider_percent_back.png]
[content.knab.nl/Content/themes/base/img/bg_finance.png]
[content.knab.nl/Content/themes/base/img/footer_icons.png]
[content.knab.nl/Content/themes/base/img/stepsTopBack.png]
[content.knab.nl/Content/themes/base/img/stepsBottomBack.png]
[content.knab.nl/Content/themes/base/img/steps.png]
[content.knab.nl/Content/themes/base/img/profileIcon.png]
[content.knab.nl/Content/themes/base/img/table_coll_arrow.png]
[content.knab.nl/Content/themes/base/img/check.png]
[content.knab.nl/Content/themes/base/img/green_check.png]
[content.knab.nl/Content/themes/base/img/arrow_expanded_row_.png]
[content.knab.nl/Content/themes/base/img/mobile_device.png]
[content.knab.nl/Content/themes/base/img/box_back_top.png]
[content.knab.nl/Content/themes/base/img/pin.png]
[content.knab.nl/Content/themes/base/img/profileLeft.png]
[content.knab.nl/Content/themes/base/img/profileRight.png]
[content.knab.nl/Content/themes/base/img/video_arrow.png]
[content.knab.nl/Content/themes/base/img/video_arrow1.png]
[content.knab.nl/Content/themes/base/img/slider_back.png]
[content.knab.nl/Content/themes/base/img/total_back.png]
[content.knab.nl/Content/themes/base/img/tabs.png]
[content.knab.nl/Content/themes/base/img/round_tab_back.png]
[content.knab.nl/Content/themes/base/img/tabs_left.png]
[content.knab.nl/Content/themes/base/img/agenda_back.png]
[content.knab.nl/Content/themes/base/img/asset_indicator.png]
[content.knab.nl/Content/themes/base/img/comments.png]
[content.knab.nl/Content/themes/base/img/comments_body_back.png]
[content.knab.nl/Content/themes/base/img/src_fld.png]
[content.knab.nl/Content/themes/base/img/date_picker_back.png]
[content.knab.nl/Content/themes/base/img/horisontal_grad_back.png]
[content.knab.nl/Content/themes/base/img/gray_dot.png]
[content.knab.nl/Content/themes/base/img/empty_pie.png]
[content.knab.nl/Content/themes/base/img/stars.png]
[content.knab.nl/Content/themes/base/img/product_top_back.png]
[content.knab.nl/Content/themes/base/img/top_right_line.png]
[content.knab.nl/Content/themes/base/img/product_bottom_back.png]
[content.knab.nl/Content/themes/base/img/botom_right_line.png]
[content.knab.nl/Content/themes/base/img/product_back_1.png]
[content.knab.nl/Content/themes/base/img/product_back_2.png]
[content.knab.nl/Content/themes/base/img/percent_grad.png]
[content.knab.nl/Content/themes/base/img/product_buttons.png]
[content.knab.nl/Content/themes/base/img/ipad_select_back.png]
[content.knab.nl/Content/themes/base/img/slider-bgr.png]
[content.knab.nl/Content/themes/base/img/slider-pin.png]
[content.knab.nl/Content/themes/base/img/no_chart.png]
[content.knab.nl/Content/themes/base/img/app_back.png]
[content.knab.nl/Content/themes/base/img/app_close.png]
[content.knab.nl/Content/themes/base/img/app_logo.png]
[content.knab.nl/Content/themes/base/img/tick_drop.png]
[content.knab.nl/Content/themes/base/img/aop_forms.png]
[content.knab.nl/Content/themes/base/img/person_icon.png]
[content.knab.nl/Content/themes/base/img/step_pass_aop.png]
[content.knab.nl/Content/themes/base/img/label_aop.png]
[content.knab.nl/Content/themes/base/img/arrow_decor.png]
[content.knab.nl/Content/themes/base/img/bg_pincode.png]
[content.knab.nl/Content/themes/base/img/separator_2.png]
[content.knab.nl/Content/themes/base/img/back_9.png]
[content.knab.nl/Content/themes/base/img/table_icons2.png]
[content.knab.nl/Content/themes/base/img/money.png]
[content.knab.nl/Content/themes/base/img/stepsTopBackXL.png]
[content.knab.nl/Content/themes/base/img/stepsBottomBackXL.png]
[content.knab.nl/Content/themes/base/img/paperBackTop.png]
[content.knab.nl/Content/themes/base/img/paperBackBot.png]
[content.knab.nl/Content/themes/base/img/empl_icon.png]
[content.knab.nl/Content/themes/base/img/btn_bck.png]
[content.knab.nl/Content/themes/base/img/hop_close.png]
[content.knab.nl/Content/themes/base/img/yellow_bar.png]
[content.knab.nl/Content/themes/base/img/brown_bar.png]
[content.knab.nl/Content/themes/base/img/red_bar.png]
[content.knab.nl/Content/themes/base/img/yellow_bar_pointer.png]
[content.knab.nl/Content/themes/base/css/style6545.css]
[persoonlijk.knab.nl/Content/themes/base/css/forgot_pass_16545.css]
[persoonlijk.knab.nl/Content/themes/base/js/requestNewPassword6545.js]
[persoonlijk.knab.nl/Content/themes/base/js/content-general6545.js]
